Testing connection to AI Service at: http://localhost:8000
Health Check Status: 200
Health Check Data: {
  status: 'healthy',
  service: 'ICU Dashboard AI Service',
  timestamp: '2025-12-19T12:27:33.970116',
  gemini_configured: true
}

Testing Chat Endpoint...
